../Core/Src/main.c:15:17:fnv1a32	24	static
../Core/Src/main.c:20:17:token_from_step	88	static
../Core/Src/main.c:42:24:tim2_ticks	4	static
../Core/Src/main.c:45:24:now_ms	16	static
../Core/Src/main.c:59:13:lcd_refresh	8	static
../Core/Src/main.c:65:5:main	112	static
../Core/Src/main.c:138:6:SystemClock_Config	88	static
../Core/Src/main.c:158:13:MX_I2C1_Init	8	static
../Core/Src/main.c:172:13:MX_TIM2_Init	32	static
../Core/Src/main.c:190:13:MX_GPIO_Init	40	static
../Core/Src/main.c:204:6:Error_Handler	4	static,ignoring_inline_asm
